// Jest Snapshot v1, https://goo.gl/fbAQLP

exports[`testing the Gif Grid component should show the right path 1`] = `
<Fragment>
  <h3
    className="animate__animated animate__fadeIn"
  >
     
    jest.fn
     
  </h3>
  <p
    className="animate__animated animate__flash"
  >
    Loading at this moment bro...
  </p>
  <div
    className="card-grid"
  />
</Fragment>
`;
